// Jest Snapshot v1, https://goo.gl/fbAQLP

exports[`client test suite shows movies list 1`] = `"<div>
                                                                 <div className="nav">
                                                                     <ul>
                                                                         <li className={"nav-detail"}>   <Link to='/'>Homepage</Link>
                                                                         </li>
                                                                     </ul>
                                                                     <ul>
                                                                         <li><Link to="/login"><FaSignInAlt/>login</Link></li>
                                                                         <li><Link to="/register"><FaUser/>register</Link></li>
                                                                     </ul>
                                                                 </div>

                                                                 <h1> Back to the movies </h1>
                                                                 <ul>
                                                                     <li>
                                                                         <Link to={"/list"}> List Menu </Link>
                                                                     </li>
                                                                     <li>
                                                                         <Link to={"/add"}> Add new Movie </Link>
                                                                     </li>
                                                                 </ul>
                                                             </div>"`;
